// Jest Snapshot v1, https://goo.gl/fbAQLP

exports[`Test <Orders /> component Orders Snapshot test 1`] = `
<DocumentFragment>
  <div
    id="orders"
  >
    <h5
      class="text--centered text--bold heading__default"
    >
      Order
    </h5>
    <div
      class="container"
    >
      <div
        class="row"
      >
        <div
          class="col"
        >
          <div
            class="table-responsive"
          >
            <table
              class="table"
            >
              <thead>
                <tr>
                  <th>
                    Quantity
                  </th>
                  <th>
                    Name
                  </th>
                  <th>
                    Price
                  </th>
                </tr>
              </thead>
              <tbody>
                <tr
                  class="orders-table__row"
                >
                  <td>
                    <button
                      class="btn btn-secondary disabled"
                      disabled=""
                      type="button"
                    >
                      -
                    </button>
                    <span
                      class="orders-text__regular"
                    >
                      0
                    </span>
                    <button
                      class="btn btn-secondary"
                      type="button"
                    >
                      +
                    </button>
                  </td>
                  <td
                    class="orders-text__regular"
                  >
                    Chicken Burger
                  </td>
                  <td
                    class="orders-text__regular"
                  >
                    $12
                  </td>
                </tr>
                <tr
                  class="orders-table__row"
                >
                  <td>
                    <button
                      class="btn btn-secondary disabled"
                      disabled=""
                      type="button"
                    >
                      -
                    </button>
                    <span
                      class="orders-text__regular"
                    >
                      0
                    </span>
                    <button
                      class="btn btn-secondary"
                      type="button"
                    >
                      +
                    </button>
                  </td>
                  <td
                    class="orders-text__regular"
                  >
                    Vegan Burger
                  </td>
                  <td
                    class="orders-text__regular"
                  >
                    $12
                  </td>
                </tr>
                <tr
                  class="orders-table__row"
                >
                  <td>
                    <button
                      class="btn btn-secondary disabled"
                      disabled=""
                      type="button"
                    >
                      -
                    </button>
                    <span
                      class="orders-text__regular"
                    >
                      0
                    </span>
                    <button
                      class="btn btn-secondary"
                      type="button"
                    >
                      +
                    </button>
                  </td>
                  <td
                    class="orders-text__regular"
                  >
                    Beef Burger
                  </td>
                  <td
                    class="orders-text__regular"
                  >
                    $12
                  </td>
                </tr>
                <tr
                  class="orders-table__row"
                >
                  <td>
                    <button
                      class="btn btn-secondary disabled"
                      disabled=""
                      type="button"
                    >
                      -
                    </button>
                    <span
                      class="orders-text__regular"
                    >
                      0
                    </span>
                    <button
                      class="btn btn-secondary"
                      type="button"
                    >
                      +
                    </button>
                  </td>
                  <td
                    class="orders-text__regular"
                  >
                    Lamb Burger
                  </td>
                  <td
                    class="orders-text__regular"
                  >
                    $12
                  </td>
                </tr>
                <tr
                  class="orders-table__row"
                >
                  <td>
                    <button
                      class="btn btn-secondary disabled"
                      disabled=""
                      type="button"
                    >
                      -
                    </button>
                    <span
                      class="orders-text__regular"
                    >
                      0
                    </span>
                    <button
                      class="btn btn-secondary"
                      type="button"
                    >
                      +
                    </button>
                  </td>
                  <td
                    class="orders-text__regular"
                  >
                    Small Fries
                  </td>
                  <td
                    class="orders-text__regular"
                  >
                    $7
                  </td>
                </tr>
                <tr
                  class="orders-table__row"
                >
                  <td>
                    <button
                      class="btn btn-secondary disabled"
                      disabled=""
                      type="button"
                    >
                      -
                    </button>
                    <span
                      class="orders-text__regular"
                    >
                      0
                    </span>
                    <button
                      class="btn btn-secondary"
                      type="button"
                    >
                      +
                    </button>
                  </td>
                  <td
                    class="orders-text__regular"
                  >
                    Large Fries
                  </td>
                  <td
                    class="orders-text__regular"
                  >
                    $7
                  </td>
                </tr>
                <tr
                  class="orders-table__row"
                >
                  <td>
                    <button
                      class="btn btn-secondary disabled"
                      disabled=""
                      type="button"
                    >
                      -
                    </button>
                    <span
                      class="orders-text__regular"
                    >
                      0
                    </span>
                    <button
                      class="btn btn-secondary"
                      type="button"
                    >
                      +
                    </button>
                  </td>
                  <td
                    class="orders-text__regular"
                  >
                    Coca Cola
                  </td>
                  <td
                    class="orders-text__regular"
                  >
                    $3
                  </td>
                </tr>
              </tbody>
            </table>
          </div>
        </div>
      </div>
      <div
        class="row"
      >
        <div
          class="col"
        >
          Total: 
        </div>
        <div
          class="col"
          data-testid="order-total"
        >
          $ 0
        </div>
      </div>
      <div
        class="row"
      >
        <button
          class="element--no-border-radius bg-success text-white p-3 mt-2 btn btn-secondary disabled"
          disabled=""
          type="button"
        >
          Pay
        </button>
      </div>
    </div>
  </div>
</DocumentFragment>
`;
